// Jest Snapshot v1, https://goo.gl/fbAQLP

exports[`About us snapshots renders properly 1`] = `
<div>
  <h3>
    About us page
  </h3>
  <p>
    About us
  </p>
</div>
`;
