// Jest Snapshot v1, https://goo.gl/fbAQLP

exports[`Logout renders snapshot properly 1`] = `
<p>
  You are logged out!
</p>
`;
