// Jest Snapshot v1, https://goo.gl/fbAQLP

exports[`Users snapshots renders properly 1`] = `
Array [
  <h4
    className="box title is-4"
  >
    kamal
  </h4>,
  <h4
    className="box title is-4"
  >
    kamal1
  </h4>,
]
`;
